Using pre-set license
Built from '2020.3/staging' branch; Version is '2020.3.26f1 (7298b473bc1a) revision 7510196'; Using compiler version '192528614'; Build Type 'Release'
OS: 'Windows 11  (10.0.22000) 64bit Core' Language: 'en' Physical Memory: 16251 MB
BatchMode: 1, IsHumanControllingUs: 0, StartBugReporterOnCrash: 0, Is64bit: 1, IsPro: 0

COMMAND LINE ARGUMENTS:
C:\Program Files\Unity\Hub\Editor\2020.3.26f1\Editor\Unity.exe
-adb2
-batchMode
-noUpm
-name
AssetImportWorker0
-projectPath
D:/TORCHEYE GAMES/workspace/ObraDinnTutorial
-logFile
Logs/AssetImportWorker0.log
-srvPort
4351
Successfully changed project path to: D:/TORCHEYE GAMES/workspace/ObraDinnTutorial
D:/TORCHEYE GAMES/workspace/ObraDinnTutorial
Using Asset Import Pipeline V2.
Refreshing native plugins compatible for Editor in 24.53 ms, found 2 plugins.
Preloading 0 native plugins for Editor in 0.00 ms.
Initialize engine version: 2020.3.26f1 (7298b473bc1a)
[Subsystems] Discovering subsystems at path C:/Program Files/Unity/Hub/Editor/2020.3.26f1/Editor/Data/Resources/UnitySubsystems
[Subsystems] Discovering subsystems at path D:/TORCHEYE GAMES/workspace/ObraDinnTutorial/Assets
GfxDevice: creating device client; threaded=0
Direct3D:
    Version:  Direct3D 11.0 [level 11.1]
    Renderer: NVIDIA GeForce RTX 2060 (ID=0x1e89)
    Vendor:   
    VRAM:     5968 MB
    Driver:   30.0.15.1259
Initialize mono
Mono path[0] = 'C:/Program Files/Unity/Hub/Editor/2020.3.26f1/Editor/Data/Managed'
Mono path[1] = 'C:/Program Files/Unity/Hub/Editor/2020.3.26f1/Editor/Data/MonoBleedingEdge/lib/mono/unityjit'
Mono config path = 'C:/Program Files/Unity/Hub/Editor/2020.3.26f1/Editor/Data/MonoBleedingEdge/etc'
Using monoOptions --debugger-agent=transport=dt_socket,embedding=1,server=y,suspend=n,address=127.0.0.1:56116
Begin MonoManager ReloadAssembly
Registering precompiled unity dll's ...
Register platform support module: C:/Program Files/Unity/Hub/Editor/2020.3.26f1/Editor/Data/PlaybackEngines/MacStandaloneSupport/UnityEditor.OSXStandalone.Extensions.dll
Register platform support module: C:/Program Files/Unity/Hub/Editor/2020.3.26f1/Editor/Data/PlaybackEngines/WindowsStandaloneSupport/UnityEditor.WindowsStandalone.Extensions.dll
Registered in 0.001381 seconds.
Native extension for WindowsStandalone target not found
Native extension for OSXStandalone target not found
Refreshing native plugins compatible for Editor in 23.47 ms, found 2 plugins.
Preloading 0 native plugins for Editor in 0.00 ms.
Mono: successfully reloaded assembly
- Completed reload, in  0.429 seconds
Domain Reload Profiling:
	ReloadAssembly (430ms)
		BeginReloadAssembly (36ms)
			ExecutionOrderSort (0ms)
			DisableScriptedObjects (0ms)
			BackupInstance (0ms)
			ReleaseScriptingObjects (0ms)
			CreateAndSetChildDomain (1ms)
		EndReloadAssembly (340ms)
			LoadAssemblies (35ms)
			RebuildTransferFunctionScriptingTraits (0ms)
			SetupTypeCache (114ms)
			ReleaseScriptCaches (0ms)
			RebuildScriptCaches (21ms)
			SetupLoadedEditorAssemblies (128ms)
				LogAssemblyErrors (0ms)
				InitializePlatformSupportModulesInManaged (4ms)
				SetLoadedEditorAssemblies (0ms)
				RefreshPlugins (24ms)
				BeforeProcessingInitializeOnLoad (10ms)
				ProcessInitializeOnLoadAttributes (66ms)
				ProcessInitializeOnLoadMethodAttributes (24ms)
				AfterProcessingInitializeOnLoad (0ms)
				EditorAssembliesLoaded (0ms)
			ExecutionOrderSort2 (0ms)
			AwakeInstancesAfterBackupRestoration (0ms)
Platform modules already initialized, skipping
Registering precompiled user dll's ...
Registered in 0.008311 seconds.
Begin MonoManager ReloadAssembly
Native extension for WindowsStandalone target not found
Native extension for OSXStandalone target not found
Refreshing native plugins compatible for Editor in 0.27 ms, found 2 plugins.
Preloading 0 native plugins for Editor in 0.00 ms.
Mono: successfully reloaded assembly
- Completed reload, in  0.709 seconds
Domain Reload Profiling:
	ReloadAssembly (710ms)
		BeginReloadAssembly (96ms)
			ExecutionOrderSort (0ms)
			DisableScriptedObjects (3ms)
			BackupInstance (0ms)
			ReleaseScriptingObjects (0ms)
			CreateAndSetChildDomain (14ms)
		EndReloadAssembly (572ms)
			LoadAssemblies (59ms)
			RebuildTransferFunctionScriptingTraits (0ms)
			SetupTypeCache (197ms)
			ReleaseScriptCaches (0ms)
			RebuildScriptCaches (30ms)
			SetupLoadedEditorAssemblies (220ms)
				LogAssemblyErrors (0ms)
				InitializePlatformSupportModulesInManaged (4ms)
				SetLoadedEditorAssemblies (0ms)
				RefreshPlugins (0ms)
				BeforeProcessingInitializeOnLoad (60ms)
				ProcessInitializeOnLoadAttributes (146ms)
				ProcessInitializeOnLoadMethodAttributes (7ms)
				AfterProcessingInitializeOnLoad (3ms)
				EditorAssembliesLoaded (0ms)
			ExecutionOrderSort2 (0ms)
			AwakeInstancesAfterBackupRestoration (5ms)
Platform modules already initialized, skipping
========================================================================
Worker process is ready to serve import requests
Launched and connected shader compiler UnityShaderCompiler.exe after 0.03 seconds
Refreshing native plugins compatible for Editor in 0.28 ms, found 2 plugins.
Preloading 0 native plugins for Editor in 0.00 ms.
Unloading 1525 Unused Serialized files (Serialized files now loaded: 0)
System memory in use before: 82.6 MB.
System memory in use after: 82.6 MB.

Unloading 19 unused Assets to reduce memory usage. Loaded Objects now: 1974.
Total: 2.042000 ms (FindLiveObjects: 0.093400 ms CreateObjectMapping: 0.033100 ms MarkObjects: 1.805700 ms  DeleteObjects: 0.109000 ms)

AssetImportParameters requested are different than current active one (requested -> active):
  custom:framework-win-MediaFoundation: 216162199b28c13a410421893ffa2e32 -> 
  custom:video-decoder-ogg-theora: a1e56fd34408186e4bbccfd4996cb3dc -> 
  custom:container-muxer-webm: aa71ff27fc2769a1b78a27578f13a17b -> 
  custom:container-demuxer-webm: 4f35f7cbe854078d1ac9338744f61a02 -> 
  custom:container-demuxer-ogg: 62fdf1f143b41e24485cea50d1cbac27 -> 
  custom:video-encoder-webm-vp8: eb34c28f22e8b96e1ab97ce403110664 -> 
  custom:video-decoder-webm-vp8: 9c59270c3fd7afecdb556c50c9e8de78 -> 
  custom:audio-decoder-ogg-vorbis: bf7c407c2cedff20999df2af8eb42d56 -> 
  custom:audio-encoder-webm-vorbis: bf7c407c2cedff20999df2af8eb42d56 -> 
========================================================================
Received Import Request.
  path: Assets/cube.fbx
  artifactKey: Guid(12c3a1868962de24b8d179da5fe39a24) Importer(815301076,1909f56bfc062723c751e8b465ee728b)
Start importing Assets/cube.fbx using Guid(12c3a1868962de24b8d179da5fe39a24) Importer(815301076,1909f56bfc062723c751e8b465ee728b)  -> (artifact id: 'cdc6a59013fc8aeebf120d282553814f') in 0.343756 seconds 
  Import took 0.345816 seconds .

========================================================================
Received Import Request.
  Time since last request: 0.000153 seconds.
  path: Assets/ObraMat 1.mat
  artifactKey: Guid(dcac425a7a3072947b77302be414b745) Importer(815301076,1909f56bfc062723c751e8b465ee728b)
Start importing Assets/ObraMat 1.mat using Guid(dcac425a7a3072947b77302be414b745) Importer(815301076,1909f56bfc062723c751e8b465ee728b)  -> (artifact id: 'cc30fa042d685a809d165d28e611130a') in 0.212107 seconds 
  Import took 0.214285 seconds .

========================================================================
Received Import Request.
  Time since last request: 0.000188 seconds.
  path: Assets/ObraMatDither.mat
  artifactKey: Guid(bc2eee818e4fae04bbbd18120075ac0b) Importer(815301076,1909f56bfc062723c751e8b465ee728b)
Start importing Assets/ObraMatDither.mat using Guid(bc2eee818e4fae04bbbd18120075ac0b) Importer(815301076,1909f56bfc062723c751e8b465ee728b)  -> (artifact id: '45743ebc530ee18a13e2ecdf2e85576e') in 0.043383 seconds 
  Import took 0.045518 seconds .

========================================================================
Received Import Request.
  Time since last request: 0.000120 seconds.
  path: Assets/DitherMat.mat
  artifactKey: Guid(f774516a2e0071848a2b456061689cdc) Importer(815301076,1909f56bfc062723c751e8b465ee728b)
Start importing Assets/DitherMat.mat using Guid(f774516a2e0071848a2b456061689cdc) Importer(815301076,1909f56bfc062723c751e8b465ee728b)  -> (artifact id: '809a3684df35dd4992bce8ec201735e4') in 0.046179 seconds 
  Import took 0.048206 seconds .

========================================================================
Received Import Request.
  Time since last request: 0.000145 seconds.
  path: Assets/Wood.png
  artifactKey: Guid(cc2caa5595d30794da2155493567394c) Importer(815301076,1909f56bfc062723c751e8b465ee728b)
Start importing Assets/Wood.png using Guid(cc2caa5595d30794da2155493567394c) Importer(815301076,1909f56bfc062723c751e8b465ee728b)  -> (artifact id: 'b4a1dc71898a887cb45a6738e01fda2e') in 0.046116 seconds 
  Import took 0.048093 seconds .

========================================================================
Received Import Request.
  Time since last request: 0.000133 seconds.
  path: Assets/ObraMat.mat
  artifactKey: Guid(8c157e43acf746549bda9807b48d06c0) Importer(815301076,1909f56bfc062723c751e8b465ee728b)
Start importing Assets/ObraMat.mat using Guid(8c157e43acf746549bda9807b48d06c0) Importer(815301076,1909f56bfc062723c751e8b465ee728b)  -> (artifact id: 'ad12bf703bf526704074af90c9e4cc0b') in 0.041774 seconds 
  Import took 0.043720 seconds .

========================================================================
Received Prepare
Registering precompiled user dll's ...
Registered in 0.002972 seconds.
Begin MonoManager ReloadAssembly
Native extension for WindowsStandalone target not found
Native extension for OSXStandalone target not found
Refreshing native plugins compatible for Editor in 0.26 ms, found 2 plugins.
Preloading 0 native plugins for Editor in 0.00 ms.
Mono: successfully reloaded assembly
- Completed reload, in  0.733 seconds
Domain Reload Profiling:
	ReloadAssembly (733ms)
		BeginReloadAssembly (83ms)
			ExecutionOrderSort (0ms)
			DisableScriptedObjects (3ms)
			BackupInstance (0ms)
			ReleaseScriptingObjects (0ms)
			CreateAndSetChildDomain (24ms)
		EndReloadAssembly (607ms)
			LoadAssemblies (58ms)
			RebuildTransferFunctionScriptingTraits (0ms)
			SetupTypeCache (192ms)
			ReleaseScriptCaches (1ms)
			RebuildScriptCaches (26ms)
			SetupLoadedEditorAssemblies (260ms)
				LogAssemblyErrors (0ms)
				InitializePlatformSupportModulesInManaged (4ms)
				SetLoadedEditorAssemblies (0ms)
				RefreshPlugins (0ms)
				BeforeProcessingInitializeOnLoad (55ms)
				ProcessInitializeOnLoadAttributes (185ms)
				ProcessInitializeOnLoadMethodAttributes (10ms)
				AfterProcessingInitializeOnLoad (6ms)
				EditorAssembliesLoaded (0ms)
			ExecutionOrderSort2 (0ms)
			AwakeInstancesAfterBackupRestoration (7ms)
Platform modules already initialized, skipping
Refreshing native plugins compatible for Editor in 0.26 ms, found 2 plugins.
Preloading 0 native plugins for Editor in 0.00 ms.
Unloading 1516 Unused Serialized files (Serialized files now loaded: 0)
System memory in use before: 85.6 MB.
System memory in use after: 85.7 MB.

Unloading 14 unused Assets to reduce memory usage. Loaded Objects now: 2020.
Total: 1.886500 ms (FindLiveObjects: 0.096700 ms CreateObjectMapping: 0.032600 ms MarkObjects: 1.742000 ms  DeleteObjects: 0.014200 ms)

AssetImportParameters requested are different than current active one (requested -> active):
  custom:framework-win-MediaFoundation: 216162199b28c13a410421893ffa2e32 -> 
  custom:video-decoder-ogg-theora: a1e56fd34408186e4bbccfd4996cb3dc -> 
  custom:container-muxer-webm: aa71ff27fc2769a1b78a27578f13a17b -> 
  custom:container-demuxer-webm: 4f35f7cbe854078d1ac9338744f61a02 -> 
  custom:container-demuxer-ogg: 62fdf1f143b41e24485cea50d1cbac27 -> 
  custom:video-encoder-webm-vp8: eb34c28f22e8b96e1ab97ce403110664 -> 
  custom:video-decoder-webm-vp8: 9c59270c3fd7afecdb556c50c9e8de78 -> 
  custom:audio-decoder-ogg-vorbis: bf7c407c2cedff20999df2af8eb42d56 -> 
  custom:audio-encoder-webm-vorbis: bf7c407c2cedff20999df2af8eb42d56 -> 
========================================================================
Received Import Request.
  Time since last request: 3434.041209 seconds.
  path: Assets/TheFirstPerson/TFP_v0.3.0-b.unitypackage
  artifactKey: Guid(edf35dacb6cf3e340a1110ce17bdf455) Importer(815301076,1909f56bfc062723c751e8b465ee728b)
Start importing Assets/TheFirstPerson/TFP_v0.3.0-b.unitypackage using Guid(edf35dacb6cf3e340a1110ce17bdf455) Importer(815301076,1909f56bfc062723c751e8b465ee728b)  -> (artifact id: '6e2444385c7c8daa6c84105c4dcd24d3') in 0.048103 seconds 
  Import took 0.051031 seconds .

========================================================================
Received Import Request.
  Time since last request: 15.964317 seconds.
  path: Assets/TheFirstPerson/Prefabs/FootstepsPlayer.prefab
  artifactKey: Guid(5ae5ccd8d1c0b59459a598c6f18817a4) Importer(815301076,1909f56bfc062723c751e8b465ee728b)
Start importing Assets/TheFirstPerson/Prefabs/FootstepsPlayer.prefab using Guid(5ae5ccd8d1c0b59459a598c6f18817a4) Importer(815301076,1909f56bfc062723c751e8b465ee728b)  -> (artifact id: 'ad5e27f1ad4751ed0149f648b13138c5') in 0.055561 seconds 
  Import took 0.057896 seconds .

========================================================================
Received Import Request.
  Time since last request: 0.000242 seconds.
  path: Assets/TheFirstPerson/Prefabs/Player.prefab
  artifactKey: Guid(e90e45ff6cb98a84fb1d909c284ce4f0) Importer(815301076,1909f56bfc062723c751e8b465ee728b)
Start importing Assets/TheFirstPerson/Prefabs/Player.prefab using Guid(e90e45ff6cb98a84fb1d909c284ce4f0) Importer(815301076,1909f56bfc062723c751e8b465ee728b)  -> (artifact id: 'abb0045e952bcebc1fe32486c954929c') in 0.022661 seconds 
  Import took 0.024551 seconds .

========================================================================
Received Import Request.
  Time since last request: 0.000226 seconds.
  path: Assets/TheFirstPerson/Prefabs/Third Person.prefab
  artifactKey: Guid(615ab85f20ab38947993ab1e1164e254) Importer(815301076,1909f56bfc062723c751e8b465ee728b)
Start importing Assets/TheFirstPerson/Prefabs/Third Person.prefab using Guid(615ab85f20ab38947993ab1e1164e254) Importer(815301076,1909f56bfc062723c751e8b465ee728b)  -> (artifact id: '878c4e5de34a5d339cca15e86918573a') in 0.072268 seconds 
  Import took 0.074612 seconds .

========================================================================
Received Import Request.
  Time since last request: 0.000348 seconds.
  path: Assets/TheFirstPerson/Prefabs/JetpackPlayer.prefab
  artifactKey: Guid(7e16467499665554b8d7ef40344d0c52) Importer(815301076,1909f56bfc062723c751e8b465ee728b)
Start importing Assets/TheFirstPerson/Prefabs/JetpackPlayer.prefab using Guid(7e16467499665554b8d7ef40344d0c52) Importer(815301076,1909f56bfc062723c751e8b465ee728b)  -> (artifact id: 'eeeff5bf76d39d409b5e997995df3c6c') in 0.030559 seconds 
  Import took 0.032637 seconds .

========================================================================
Received Import Request.
  Time since last request: 2.530449 seconds.
  path: Assets/TheFirstPerson/Code/ExampleExtensions
  artifactKey: Guid(f759ad510f5fa3e40adfa456b10bb49f) Importer(815301076,1909f56bfc062723c751e8b465ee728b)
Start importing Assets/TheFirstPerson/Code/ExampleExtensions using Guid(f759ad510f5fa3e40adfa456b10bb49f) Importer(815301076,1909f56bfc062723c751e8b465ee728b)  -> (artifact id: '257a930680a0eb44f81eb161ec7debf4') in 0.034137 seconds 
  Import took 0.036526 seconds .

========================================================================
Received Import Request.
  Time since last request: 2.249534 seconds.
  path: Assets/TheFirstPerson/Code/ExampleExtensions/Debug
  artifactKey: Guid(1135aaeaf252c5941963d273b8f70e4e) Importer(815301076,1909f56bfc062723c751e8b465ee728b)
Start importing Assets/TheFirstPerson/Code/ExampleExtensions/Debug using Guid(1135aaeaf252c5941963d273b8f70e4e) Importer(815301076,1909f56bfc062723c751e8b465ee728b)  -> (artifact id: '3f70d0d2ff8b4d5e9f549ca1ec91cdbd') in 0.020624 seconds 
  Import took 0.022658 seconds .

========================================================================
Received Import Request.
  Time since last request: 0.534319 seconds.
  path: Assets/TheFirstPerson/Code/ExampleExtensions/FootstepSystem
  artifactKey: Guid(d3bd22fba2fe84e479947ba244f679b7) Importer(815301076,1909f56bfc062723c751e8b465ee728b)
Start importing Assets/TheFirstPerson/Code/ExampleExtensions/FootstepSystem using Guid(d3bd22fba2fe84e479947ba244f679b7) Importer(815301076,1909f56bfc062723c751e8b465ee728b)  -> (artifact id: '444699bb06fc49ada34b9b16b8b29a88') in 0.032938 seconds 
  Import took 0.034959 seconds .

========================================================================
Received Import Request.
  Time since last request: 1.747214 seconds.
  path: Assets/TheFirstPerson/Code/ExampleExtensions/ForceLook
  artifactKey: Guid(847ed3d9a5883814195dbf613578ed68) Importer(815301076,1909f56bfc062723c751e8b465ee728b)
Start importing Assets/TheFirstPerson/Code/ExampleExtensions/ForceLook using Guid(847ed3d9a5883814195dbf613578ed68) Importer(815301076,1909f56bfc062723c751e8b465ee728b)  -> (artifact id: 'd0e9e29752e563aea0936f854ffd5cc1') in 0.034493 seconds 
  Import took 0.036471 seconds .

========================================================================
Received Import Request.
  Time since last request: 0.448139 seconds.
  path: Assets/TheFirstPerson/Code/ExampleExtensions/Jetpack
  artifactKey: Guid(f88f5f75eb4d2cd49b594ca4ff1a9019) Importer(815301076,1909f56bfc062723c751e8b465ee728b)
Start importing Assets/TheFirstPerson/Code/ExampleExtensions/Jetpack using Guid(f88f5f75eb4d2cd49b594ca4ff1a9019) Importer(815301076,1909f56bfc062723c751e8b465ee728b)  -> (artifact id: '5647dacb4404d4e8b8f1d92f7cf47e16') in 0.020265 seconds 
  Import took 0.022306 seconds .

========================================================================
Received Import Request.
  Time since last request: 0.436385 seconds.
  path: Assets/TheFirstPerson/Code/ExampleExtensions/JumpSound
  artifactKey: Guid(11b543d3b5eedb847b4bda75985c91d8) Importer(815301076,1909f56bfc062723c751e8b465ee728b)
Start importing Assets/TheFirstPerson/Code/ExampleExtensions/JumpSound using Guid(11b543d3b5eedb847b4bda75985c91d8) Importer(815301076,1909f56bfc062723c751e8b465ee728b)  -> (artifact id: '6c6616cc75fd44a42d4e7c1f583b5fa0') in 0.043843 seconds 
  Import took 0.045964 seconds .

========================================================================
Received Import Request.
  Time since last request: 0.356884 seconds.
  path: Assets/TheFirstPerson/Code/ExampleExtensions/UnwalkableColliders
  artifactKey: Guid(acf7943c0c0fabe42b5b9894d9035ead) Importer(815301076,1909f56bfc062723c751e8b465ee728b)
Start importing Assets/TheFirstPerson/Code/ExampleExtensions/UnwalkableColliders using Guid(acf7943c0c0fabe42b5b9894d9035ead) Importer(815301076,1909f56bfc062723c751e8b465ee728b)  -> (artifact id: '909c222396a3360e4dc3c8f4558df355') in 0.025881 seconds 
  Import took 0.027835 seconds .

========================================================================
Received Import Request.
  Time since last request: 9.854507 seconds.
  path: Assets/ObraDinn
  artifactKey: Guid(46e415a79e66f2c4fa75f634958c613f) Importer(815301076,1909f56bfc062723c751e8b465ee728b)
Start importing Assets/ObraDinn using Guid(46e415a79e66f2c4fa75f634958c613f) Importer(815301076,1909f56bfc062723c751e8b465ee728b)  -> (artifact id: 'cfcb3be4f5ac8547dc3e2de3c895dcad') in 0.038584 seconds 
  Import took 0.040632 seconds .

========================================================================
Received Import Request.
  Time since last request: 0.105425 seconds.
  path: Assets/ObraDinn/BayerMatrix.png
  artifactKey: Guid(86a1b36cf71207e43a52828b752bd622) Importer(815301076,1909f56bfc062723c751e8b465ee728b)
Start importing Assets/ObraDinn/BayerMatrix.png using Guid(86a1b36cf71207e43a52828b752bd622) Importer(815301076,1909f56bfc062723c751e8b465ee728b)  -> (artifact id: 'b91df35408b88402d9c29306993cc77a') in 0.044042 seconds 
  Import took 0.046080 seconds .

========================================================================
Received Import Request.
  Time since last request: 0.000234 seconds.
  path: Assets/ObraDinn/Effects_Threshold.mat
  artifactKey: Guid(9970f85b3df1dc542b426f83fc5297c7) Importer(815301076,1909f56bfc062723c751e8b465ee728b)
Start importing Assets/ObraDinn/Effects_Threshold.mat using Guid(9970f85b3df1dc542b426f83fc5297c7) Importer(815301076,1909f56bfc062723c751e8b465ee728b)  -> (artifact id: '986b82eda6625b4dab35badce53203f2') in 0.059525 seconds 
  Import took 0.061563 seconds .

========================================================================
Received Import Request.
  Time since last request: 0.000244 seconds.
  path: Assets/ObraDinn/Effects_Dither.mat
  artifactKey: Guid(8659a643c764b0141a8e00cc5f0adba9) Importer(815301076,1909f56bfc062723c751e8b465ee728b)
Start importing Assets/ObraDinn/Effects_Dither.mat using Guid(8659a643c764b0141a8e00cc5f0adba9) Importer(815301076,1909f56bfc062723c751e8b465ee728b)  -> (artifact id: '9ad252e79cdb34e583bc39a56401eb3e') in 0.040945 seconds 
  Import took 0.043167 seconds .

========================================================================
Received Import Request.
  Time since last request: 0.000269 seconds.
  path: Assets/ObraDinn/ColorRamp2.png
  artifactKey: Guid(42b1e2070ed9aa5469d250f6519dfd38) Importer(815301076,1909f56bfc062723c751e8b465ee728b)
Start importing Assets/ObraDinn/ColorRamp2.png using Guid(42b1e2070ed9aa5469d250f6519dfd38) Importer(815301076,1909f56bfc062723c751e8b465ee728b)  -> (artifact id: '535947e27b120fb437f2a36ba70cb821') in 0.034145 seconds 
  Import took 0.036165 seconds .

========================================================================
Received Import Request.
  Time since last request: 0.000237 seconds.
  path: Assets/ObraDinn/BlueNoise.png
  artifactKey: Guid(804445fbbe7bb7b45811df97d72ae11b) Importer(815301076,1909f56bfc062723c751e8b465ee728b)
Start importing Assets/ObraDinn/BlueNoise.png using Guid(804445fbbe7bb7b45811df97d72ae11b) Importer(815301076,1909f56bfc062723c751e8b465ee728b)  -> (artifact id: '0ae4075d92f7e86cc5d1d45a226400c2') in 0.035120 seconds 
  Import took 0.036983 seconds .

========================================================================
Received Import Request.
  Time since last request: 3.605421 seconds.
  path: Assets/ObraDinn/ObraDinn.cs
  artifactKey: Guid(35ab1b62ad1cf0647ab46fa6f0abb210) Importer(815301076,1909f56bfc062723c751e8b465ee728b)
Start importing Assets/ObraDinn/ObraDinn.cs using Guid(35ab1b62ad1cf0647ab46fa6f0abb210) Importer(815301076,1909f56bfc062723c751e8b465ee728b)  -> (artifact id: '8c8ef2c6ebf9939a166fcf5129049065') in 0.081492 seconds 
  Import took 0.083718 seconds .

========================================================================
Received Import Request.
  Time since last request: 7.579270 seconds.
  path: Assets/ObraDinn/Threshold.shader
  artifactKey: Guid(dcbbb1e636f98624e9e876244f3857e5) Importer(815301076,1909f56bfc062723c751e8b465ee728b)
Start importing Assets/ObraDinn/Threshold.shader using Guid(dcbbb1e636f98624e9e876244f3857e5) Importer(815301076,1909f56bfc062723c751e8b465ee728b)  -> (artifact id: 'eef69737e2f0074dc8669eb579885964') in 0.035217 seconds 
  Import took 0.037187 seconds .

========================================================================
Received Import Request.
  Time since last request: 0.810627 seconds.
  path: Assets/ObraDinn/ObraDinnSurface.shader
  artifactKey: Guid(7ec2dbb3b0db79943ab45f2b871a69d4) Importer(815301076,1909f56bfc062723c751e8b465ee728b)
Start importing Assets/ObraDinn/ObraDinnSurface.shader using Guid(7ec2dbb3b0db79943ab45f2b871a69d4) Importer(815301076,1909f56bfc062723c751e8b465ee728b)  -> (artifact id: '577fa12c68bb09e5c1074b5499f42210') in 0.038371 seconds 
  Import took 0.040985 seconds .

========================================================================
Received Import Request.
  Time since last request: 1.256093 seconds.
  path: Assets/ObraDinn/Dither.shader
  artifactKey: Guid(905c4a56de8db0c46b799380e9a3990f) Importer(815301076,1909f56bfc062723c751e8b465ee728b)
Start importing Assets/ObraDinn/Dither.shader using Guid(905c4a56de8db0c46b799380e9a3990f) Importer(815301076,1909f56bfc062723c751e8b465ee728b)  -> (artifact id: '5e76ccf2c8cd89a4e62fa7cdfb3b1b18') in 0.038020 seconds 
  Import took 0.040074 seconds .

AssetImportWorkerClient::OnTransportError - code=2 error=End of file
